// Jest Snapshot v1, https://goo.gl/fbAQLP

exports[`ConverterScreen render correctly 1`] = `
Array [
  <section
    className="main-slider"
  >
    <div
      className="main-slider__slides-container"
      onMouseDown={[Function]}
      onTouchStart={[Function]}
      style={
        Object {
          "left": "0",
        }
      }
    />
    <ul
      className="main-slider__dots"
    />
  </section>,
  <section
    className="services-slider"
  >
    <h2
      className="services-slider__header visually-hidden"
    >
      Наши сервисы
    </h2>
    <ul
      className="services-slider__tabs"
    >
      <li
        className="services-slider__tab services-slider__tab--deposit "
        onClick={[Function]}
      >
        <span
          className="services-slider__tab-label services-slider__tab-label--deposit"
        >
          Вклады
        </span>
      </li>
      <li
        className="services-slider__tab services-slider__tab--credit "
        onClick={[Function]}
      >
        <span
          className="services-slider__tab-label services-slider__tab-label--credit"
        >
          Кредиты
        </span>
      </li>
      <li
        className="services-slider__tab services-slider__tab--insurance "
        onClick={[Function]}
      >
        <span
          className="services-slider__tab-label services-slider__tab-label--insurance"
        >
          Страхование
        </span>
      </li>
      <li
        className="services-slider__tab services-slider__tab--online "
        onClick={[Function]}
      >
        <span
          className="services-slider__tab-label services-slider__tab-label--online"
        >
          Онлайн-сервисы
        </span>
      </li>
    </ul>
    <div
      className="services-slider__slides-container"
      onMouseDown={[Function]}
      onTouchStart={[Function]}
      style={
        Object {
          "left": "0",
        }
      }
    />
    <ul
      className="services-slider__dots"
    />
  </section>,
  <section
    className="calculator"
  >
    <a
      name="calculator"
    />
    <form
      action="#"
      className="calculator__form"
      onSubmit={[Function]}
    >
      <h2
        className="calculator__title"
      >
        Кредитный калькулятор
      </h2>
      <div
        className="calculator__flex-container"
      >
        <div
          className="calculator__container"
        >
          <fieldset
            className="calculator__purpose"
          >
            <h3
              className="calculator__step"
            >
              Шаг 1. Цель кредита
            </h3>
            <div
              className="calculator__purpose-select"
              onClick={[Function]}
            >
              <span
                className="calculator__select-title"
              >
                Выберите цель кредита
              </span>
              <ul
                className="calculator__purpose-list calculator__purpose-list--hidden"
              >
                <li
                  className="calculator__purpose-item"
                  id="mortgage"
                  onClick={[Function]}
                >
                  Ипотечное кредитование
                </li>
                <li
                  className="calculator__purpose-item"
                  id="car"
                  onClick={[Function]}
                >
                  Автомобильное кредитование
                </li>
              </ul>
            </div>
          </fieldset>
        </div>
      </div>
    </form>
  </section>,
  <section
    className="map"
    id="map"
  >
    <h2
      className="map__header"
    >
      Отделения Лига Банка
    </h2>
    <iframe
      className="map__iframe"
      src="https://yandex.ru/map-widget/v1/?um=constructor%3A903677e276cd647a44c0897e60edad9ae34a0ebe73fde4d37f4ca90b4001c09f&source=constructor"
      title="map"
    />
  </section>,
]
`;
