// Jest Snapshot v1, https://goo.gl/fbAQLP

exports[`ConverterScreen render correctly 1`] = `
Array [
  <section
    className="converter"
  >
    <h2
      className="converter__header"
    >
      Конвертер валют
    </h2>
    <form
      action="#"
      className="converter__form"
      method="post"
      onSubmit={[Function]}
    >
      <div
        className="converter__field-wrapper"
      >
        <div
          className="converter__field"
        >
          <label
            htmlFor="currency-input"
          >
            <h3
              className="converter__field-title"
            >
              У меня есть
            </h3>
          </label>
          <div
            className="converter__input-wrapper"
          >
            <input
              className="converter__input"
              id="currency-input"
              max="10000000"
              min="0"
              name="currencyInput"
              onChange={[Function]}
              step="any"
              type="number"
              value={0}
            />
            <label>
              <select
                className="converter__select"
                name="currencyInput"
                onChange={[Function]}
                value="RUB"
              >
                <option
                  value="RUB"
                >
                  RUB
                </option>
                <option
                  value="USD"
                >
                  USD
                </option>
                <option
                  value="EUR"
                >
                  EUR
                </option>
                <option
                  value="GBP"
                >
                  GBP
                </option>
                <option
                  value="CNY"
                >
                  CNY
                </option>
              </select>
              <span
                className="visually-hidden"
              >
                валюта
              </span>
            </label>
          </div>
        </div>
        <div
          className="converter__field"
        >
          <label
            htmlFor="currency-input"
          >
            <h3
              className="converter__field-title"
            >
              Хочу приобрести
            </h3>
          </label>
          <div
            className="converter__input-wrapper"
          >
            <input
              className="converter__input"
              id="currency-output"
              min="0"
              name="currencyOutput"
              onChange={[Function]}
              step="any"
              type="number"
              value={0}
            />
            <label>
              <select
                className="converter__select"
                name="currencyOutput"
                onChange={[Function]}
                value="USD"
              >
                <option
                  value="RUB"
                >
                  RUB
                </option>
                <option
                  value="USD"
                >
                  USD
                </option>
                <option
                  value="EUR"
                >
                  EUR
                </option>
                <option
                  value="GBP"
                >
                  GBP
                </option>
                <option
                  value="CNY"
                >
                  CNY
                </option>
              </select>
              <span
                className="visually-hidden"
              >
                валюта
              </span>
            </label>
          </div>
        </div>
      </div>
      <div
        id="calendar"
      >
        <div
          className="react-datepicker-wrapper"
        >
          <div
            className="react-datepicker__input-container"
          >
            <button
              className="converter__calendar"
              onClick={[Function]}
              type="button"
            >
              29.01.2022
            </button>
          </div>
        </div>
      </div>
      <button
        className="converter__button"
        type="submit"
      >
        Сохранить результат
      </button>
    </form>
  </section>,
  <section
    className="conversion-history"
  >
    <div
      className="conversion-history__wrapper"
    >
      <h2
        className="conversion-history__header"
      >
        История конвертации
      </h2>
      <ul
        className="conversion-history__list"
      >
        <li
          className="conversion-history__item"
        >
          <p
            className="conversion-history__date"
          >
            18.09.2021
          </p>
          <div
            className="conversion-history__container"
          >
            <p
              className="conversion-history__before"
            >
              6549
               
              USD
            </p>
            <p
              className="conversion-history__after"
            >
              5585,07
               
              EUR
            </p>
          </div>
        </li>
        <li
          className="conversion-history__item"
        >
          <p
            className="conversion-history__date"
          >
            19.09.2021
          </p>
          <div
            className="conversion-history__container"
          >
            <p
              className="conversion-history__before"
            >
              23
               
              CNY
            </p>
            <p
              className="conversion-history__after"
            >
              258,59
               
              RUB
            </p>
          </div>
        </li>
        <li
          className="conversion-history__item"
        >
          <p
            className="conversion-history__date"
          >
            20.09.2021
          </p>
          <div
            className="conversion-history__container"
          >
            <p
              className="conversion-history__before"
            >
              12458
               
              EUR
            </p>
            <p
              className="conversion-history__after"
            >
              10694,16
               
              GBP
            </p>
          </div>
        </li>
        <li
          className="conversion-history__item"
        >
          <p
            className="conversion-history__date"
          >
            13.09.2021
          </p>
          <div
            className="conversion-history__container"
          >
            <p
              className="conversion-history__before"
            >
              654
               
              CNY
            </p>
            <p
              className="conversion-history__after"
            >
              7363,93
               
              RUB
            </p>
          </div>
        </li>
        <li
          className="conversion-history__item"
        >
          <p
            className="conversion-history__date"
          >
            15.09.2021
          </p>
          <div
            className="conversion-history__container"
          >
            <p
              className="conversion-history__before"
            >
              105
               
              EUR
            </p>
            <p
              className="conversion-history__after"
            >
              89,6
               
              GBP
            </p>
          </div>
        </li>
        <li
          className="conversion-history__item"
        >
          <p
            className="conversion-history__date"
          >
            20.09.2021
          </p>
          <div
            className="conversion-history__container"
          >
            <p
              className="conversion-history__before"
            >
              105
               
              RUB
            </p>
            <p
              className="conversion-history__after"
            >
              1,43
               
              USD
            </p>
          </div>
        </li>
      </ul>
      <button
        className="conversion-history__button"
        onClick={[Function]}
      >
        Очистить историю
      </button>
    </div>
  </section>,
]
`;
