// Jest Snapshot v1, https://goo.gl/fbAQLP

exports[`Header render correctly Header Login opened 1`] = `
<header
  className="header  app__header"
>
  <div
    className="container header__container"
  >
    <div
      className="header__wrapper"
    >
      <button
        className="header__burger-button"
        onClick={[Function]}
      >
        <span
          className="visually-hidden"
        >
          Открыть меню
        </span>
      </button>
      <a
        className="header__logo"
        href="/"
        onClick={[Function]}
      >
        ЛИГА Банк
      </a>
      <button
        className="header__close-menu "
        onClick={[Function]}
      >
        <span
          className="visually-hidden"
        >
          Закрыть меню
        </span>
      </button>
    </div>
    <nav
      className="header__nav "
    >
      <ul
        className="header__nav-list"
      >
        <li
          className="header__nav-item"
        >
          <a
            className="header__nav-link "
            href="#"
          >
            Услуги
          </a>
        </li>
        <li
          className="header__nav-item"
        >
          <a
            className="header__nav-link "
            href="#"
          >
            Рассчитать кредит
          </a>
        </li>
        <li
          className="header__nav-item"
        >
          <a
            className="header__nav-link "
            href="/converter"
            onClick={[Function]}
          >
            Конвертер валют
          </a>
        </li>
        <li
          className="header__nav-item"
        >
          <a
            className="header__nav-link "
            href="#"
          >
            Контакты
          </a>
        </li>
      </ul>
    </nav>
    <div
      className="header__user-block "
    >
      <a
        className="header__user-link "
        href="#"
        onClick={[Function]}
      >
        <span
          className="header__user-link-value "
        >
          Войти в Интернет-банк
        </span>
      </a>
      <div
        className="log-in "
        onClick={[Function]}
      >
        <form
          action="#"
          className="log-in__form"
          onClick={[Function]}
        >
          <div
            className="log-in__logo"
          />
          <button
            className="log-in__close"
            onClick={[Function]}
            type="button"
          >
            <span
              className="visually-hidden"
            >
              Закрыть окно
            </span>
          </button>
          <label
            className="log-in__label log-in__label--login"
          >
            Логин
            <input
              autoFocus={true}
              className="log-in__input log-in__input--login"
              id="login"
              name="login"
              onChange={[Function]}
              required={true}
              type="text"
              value=""
            />
          </label>
          <label
            className="log-in__label log-in__label--password"
          >
            Пароль
            <input
              className="log-in__input log-in__input--password"
              id="password"
              name="password"
              onChange={[Function]}
              required={true}
              type="password"
              value=""
            />
          </label>
          <button
            className="log-in__show-password"
            onMouseDown={[Function]}
            onMouseUp={[Function]}
          />
          <button
            className="log-in__submit"
            type="submit"
          >
            Войти
          </button>
          <a
            className="log-in__restore-password"
            href="#top"
          >
            Забыли пароль?
          </a>
        </form>
      </div>
    </div>
  </div>
</header>
`;

exports[`Header render correctly HeaderNav closed 1`] = `
<header
  className="header  app__header"
>
  <div
    className="container header__container"
  >
    <div
      className="header__wrapper"
    >
      <button
        className="header__burger-button"
        onClick={[Function]}
      >
        <span
          className="visually-hidden"
        >
          Открыть меню
        </span>
      </button>
      <a
        className="header__logo"
        href="/"
        onClick={[Function]}
      >
        ЛИГА Банк
      </a>
      <button
        className="header__close-menu "
        onClick={[Function]}
      >
        <span
          className="visually-hidden"
        >
          Закрыть меню
        </span>
      </button>
    </div>
    <nav
      className="header__nav "
    >
      <ul
        className="header__nav-list"
      >
        <li
          className="header__nav-item"
        >
          <a
            className="header__nav-link "
            href="#"
          >
            Услуги
          </a>
        </li>
        <li
          className="header__nav-item"
        >
          <a
            className="header__nav-link "
            href="#"
          >
            Рассчитать кредит
          </a>
        </li>
        <li
          className="header__nav-item"
        >
          <a
            className="header__nav-link "
            href="/converter"
            onClick={[Function]}
          >
            Конвертер валют
          </a>
        </li>
        <li
          className="header__nav-item"
        >
          <a
            className="header__nav-link "
            href="#"
          >
            Контакты
          </a>
        </li>
      </ul>
    </nav>
    <div
      className="header__user-block "
    >
      <a
        className="header__user-link "
        href="#"
        onClick={[Function]}
      >
        <span
          className="header__user-link-value "
        >
          Войти в Интернет-банк
        </span>
      </a>
      <div
        className="log-in "
        onClick={[Function]}
      >
        <form
          action="#"
          className="log-in__form"
          onClick={[Function]}
        >
          <div
            className="log-in__logo"
          />
          <button
            className="log-in__close"
            onClick={[Function]}
            type="button"
          >
            <span
              className="visually-hidden"
            >
              Закрыть окно
            </span>
          </button>
          <label
            className="log-in__label log-in__label--login"
          >
            Логин
            <input
              autoFocus={true}
              className="log-in__input log-in__input--login"
              id="login"
              name="login"
              onChange={[Function]}
              required={true}
              type="text"
              value=""
            />
          </label>
          <label
            className="log-in__label log-in__label--password"
          >
            Пароль
            <input
              className="log-in__input log-in__input--password"
              id="password"
              name="password"
              onChange={[Function]}
              required={true}
              type="password"
              value=""
            />
          </label>
          <button
            className="log-in__show-password"
            onMouseDown={[Function]}
            onMouseUp={[Function]}
          />
          <button
            className="log-in__submit"
            type="submit"
          >
            Войти
          </button>
          <a
            className="log-in__restore-password"
            href="#top"
          >
            Забыли пароль?
          </a>
        </form>
      </div>
    </div>
  </div>
</header>
`;

exports[`Header render correctly HeaderNav opened 1`] = `
<header
  className="header  app__header"
>
  <div
    className="container header__container"
  >
    <div
      className="header__wrapper"
    >
      <button
        className="header__burger-button"
        onClick={[Function]}
      >
        <span
          className="visually-hidden"
        >
          Открыть меню
        </span>
      </button>
      <a
        className="header__logo"
        href="/"
        onClick={[Function]}
      >
        ЛИГА Банк
      </a>
      <button
        className="header__close-menu "
        onClick={[Function]}
      >
        <span
          className="visually-hidden"
        >
          Закрыть меню
        </span>
      </button>
    </div>
    <nav
      className="header__nav "
    >
      <ul
        className="header__nav-list"
      >
        <li
          className="header__nav-item"
        >
          <a
            className="header__nav-link "
            href="#"
          >
            Услуги
          </a>
        </li>
        <li
          className="header__nav-item"
        >
          <a
            className="header__nav-link "
            href="#"
          >
            Рассчитать кредит
          </a>
        </li>
        <li
          className="header__nav-item"
        >
          <a
            className="header__nav-link "
            href="/converter"
            onClick={[Function]}
          >
            Конвертер валют
          </a>
        </li>
        <li
          className="header__nav-item"
        >
          <a
            className="header__nav-link "
            href="#"
          >
            Контакты
          </a>
        </li>
      </ul>
    </nav>
    <div
      className="header__user-block "
    >
      <a
        className="header__user-link "
        href="#"
        onClick={[Function]}
      >
        <span
          className="header__user-link-value "
        >
          Войти в Интернет-банк
        </span>
      </a>
      <div
        className="log-in "
        onClick={[Function]}
      >
        <form
          action="#"
          className="log-in__form"
          onClick={[Function]}
        >
          <div
            className="log-in__logo"
          />
          <button
            className="log-in__close"
            onClick={[Function]}
            type="button"
          >
            <span
              className="visually-hidden"
            >
              Закрыть окно
            </span>
          </button>
          <label
            className="log-in__label log-in__label--login"
          >
            Логин
            <input
              autoFocus={true}
              className="log-in__input log-in__input--login"
              id="login"
              name="login"
              onChange={[Function]}
              required={true}
              type="text"
              value=""
            />
          </label>
          <label
            className="log-in__label log-in__label--password"
          >
            Пароль
            <input
              className="log-in__input log-in__input--password"
              id="password"
              name="password"
              onChange={[Function]}
              required={true}
              type="password"
              value=""
            />
          </label>
          <button
            className="log-in__show-password"
            onMouseDown={[Function]}
            onMouseUp={[Function]}
          />
          <button
            className="log-in__submit"
            type="submit"
          >
            Войти
          </button>
          <a
            className="log-in__restore-password"
            href="#top"
          >
            Забыли пароль?
          </a>
        </form>
      </div>
    </div>
  </div>
</header>
`;
