// Jest Snapshot v1, https://goo.gl/fbAQLP

exports[`Calculator render correctly 1`] = `
<section
  className="main-slider"
>
  <div
    className="main-slider__slides-container"
    onMouseDown={[Function]}
    onTouchStart={[Function]}
    style={
      Object {
        "left": "0",
      }
    }
  />
  <ul
    className="main-slider__dots"
  />
</section>
`;
