// Jest Snapshot v1, https://goo.gl/fbAQLP

exports[`ConversionHistoryItem render correctly 1`] = `
<li
  className="conversion-history__item"
>
  <p
    className="conversion-history__date"
  >
    18.09.2021
  </p>
  <div
    className="conversion-history__container"
  >
    <p
      className="conversion-history__before"
    >
      6549
       
      USD
    </p>
    <p
      className="conversion-history__after"
    >
      5585,07
       
      USD
    </p>
  </div>
</li>
`;
