// Jest Snapshot v1, https://goo.gl/fbAQLP

exports[`Calculator render correctly 1`] = `
<div
  className="services-slider__slide services-slider__slide--deposit"
>
  <div
    className="services-slider__slide-wrapper services-slider__slide-wrapper--deposit"
  >
    <p
      className="services-slider__slogan services-slider__slogan--deposit"
    >
      Вклады Лига Банка – это выгодная инвестиция в свое будущее
    </p>
    <ul
      className="services-slider__features services-slider__features--deposit"
    >
      <li
        className="services-slider__feature services-slider__feature--deposit"
      >
        Проценты по вкладам до 7%
      </li>
      <li
        className="services-slider__feature services-slider__feature--deposit"
      >
        Разнообразные условия
      </li>
      <li
        className="services-slider__feature services-slider__feature--deposit"
      >
        Возможность ежемесячной капитализации или вывод процентов на банковскую карту
      </li>
    </ul>
    <a
      className="services-slider__link services-slider__link--deposit"
      href="#"
    >
      Узнать подробнее
    </a>
  </div>
</div>
`;
