// Jest Snapshot v1, https://goo.gl/fbAQLP

exports[`ConversionHistory render correctly 1`] = `
<section
  className="conversion-history"
>
  <div
    className="conversion-history__wrapper"
  >
    <h2
      className="conversion-history__header"
    >
      История конвертации
    </h2>
    <ul
      className="conversion-history__list"
    >
      <li
        className="conversion-history__item"
      >
        <p
          className="conversion-history__date"
        >
          18.09.2021
        </p>
        <div
          className="conversion-history__container"
        >
          <p
            className="conversion-history__before"
          >
            6549
             
            USD
          </p>
          <p
            className="conversion-history__after"
          >
            5585,07
             
            EUR
          </p>
        </div>
      </li>
      <li
        className="conversion-history__item"
      >
        <p
          className="conversion-history__date"
        >
          19.09.2021
        </p>
        <div
          className="conversion-history__container"
        >
          <p
            className="conversion-history__before"
          >
            23
             
            CNY
          </p>
          <p
            className="conversion-history__after"
          >
            258,59
             
            RUB
          </p>
        </div>
      </li>
      <li
        className="conversion-history__item"
      >
        <p
          className="conversion-history__date"
        >
          20.09.2021
        </p>
        <div
          className="conversion-history__container"
        >
          <p
            className="conversion-history__before"
          >
            12458
             
            EUR
          </p>
          <p
            className="conversion-history__after"
          >
            10694,16
             
            GBP
          </p>
        </div>
      </li>
      <li
        className="conversion-history__item"
      >
        <p
          className="conversion-history__date"
        >
          13.09.2021
        </p>
        <div
          className="conversion-history__container"
        >
          <p
            className="conversion-history__before"
          >
            654
             
            CNY
          </p>
          <p
            className="conversion-history__after"
          >
            7363,93
             
            RUB
          </p>
        </div>
      </li>
      <li
        className="conversion-history__item"
      >
        <p
          className="conversion-history__date"
        >
          15.09.2021
        </p>
        <div
          className="conversion-history__container"
        >
          <p
            className="conversion-history__before"
          >
            105
             
            EUR
          </p>
          <p
            className="conversion-history__after"
          >
            89,6
             
            GBP
          </p>
        </div>
      </li>
      <li
        className="conversion-history__item"
      >
        <p
          className="conversion-history__date"
        >
          20.09.2021
        </p>
        <div
          className="conversion-history__container"
        >
          <p
            className="conversion-history__before"
          >
            105
             
            RUB
          </p>
          <p
            className="conversion-history__after"
          >
            1,43
             
            USD
          </p>
        </div>
      </li>
    </ul>
    <button
      className="conversion-history__button"
      onClick={[Function]}
    >
      Очистить историю
    </button>
  </div>
</section>
`;
