// Jest Snapshot v1, https://goo.gl/fbAQLP

exports[`Converter render correctly 1`] = `
<section
  className="converter"
>
  <h2
    className="converter__header"
  >
    Конвертер валют
  </h2>
  <form
    action="#"
    className="converter__form"
    method="post"
    onSubmit={[Function]}
  >
    <div
      className="converter__field-wrapper"
    >
      <div
        className="converter__field"
      >
        <label
          htmlFor="currency-input"
        >
          <h3
            className="converter__field-title"
          >
            У меня есть
          </h3>
        </label>
        <div
          className="converter__input-wrapper"
        >
          <input
            className="converter__input"
            id="currency-input"
            max="10000000"
            min="0"
            name="currencyInput"
            onChange={[Function]}
            step="any"
            type="number"
            value={0}
          />
          <label>
            <select
              className="converter__select"
              name="currencyInput"
              onChange={[Function]}
              value="RUB"
            >
              <option
                value="RUB"
              >
                RUB
              </option>
              <option
                value="USD"
              >
                USD
              </option>
              <option
                value="EUR"
              >
                EUR
              </option>
              <option
                value="GBP"
              >
                GBP
              </option>
              <option
                value="CNY"
              >
                CNY
              </option>
            </select>
            <span
              className="visually-hidden"
            >
              валюта
            </span>
          </label>
        </div>
      </div>
      <div
        className="converter__field"
      >
        <label
          htmlFor="currency-input"
        >
          <h3
            className="converter__field-title"
          >
            Хочу приобрести
          </h3>
        </label>
        <div
          className="converter__input-wrapper"
        >
          <input
            className="converter__input"
            id="currency-output"
            min="0"
            name="currencyOutput"
            onChange={[Function]}
            step="any"
            type="number"
            value={0}
          />
          <label>
            <select
              className="converter__select"
              name="currencyOutput"
              onChange={[Function]}
              value="USD"
            >
              <option
                value="RUB"
              >
                RUB
              </option>
              <option
                value="USD"
              >
                USD
              </option>
              <option
                value="EUR"
              >
                EUR
              </option>
              <option
                value="GBP"
              >
                GBP
              </option>
              <option
                value="CNY"
              >
                CNY
              </option>
            </select>
            <span
              className="visually-hidden"
            >
              валюта
            </span>
          </label>
        </div>
      </div>
    </div>
    <div
      id="calendar"
    >
      <div
        className="react-datepicker-wrapper"
      >
        <div
          className="react-datepicker__input-container"
        >
          <button
            className="converter__calendar"
            onClick={[Function]}
            type="button"
          >
            29.01.2022
          </button>
        </div>
      </div>
    </div>
    <button
      className="converter__button"
      type="submit"
    >
      Сохранить результат
    </button>
  </form>
</section>
`;
